=== job 60915748 on fc20404 starting Mon Sep 21 22:37:12 PDT 2026 ===
/cvmfs/soft.computecanada.ca/easybuild/software/2023/x86-64-v4/Compiler/gcccore/ffmpeg/7.1.1/bin/ffmpeg
ffmpeg version 7.1.1 Copyright (c) 2000-2025 the FFmpeg developers
--- after opencv module load ---
/cvmfs/soft.computecanada.ca/easybuild/software/2023/x86-64-v4/Compiler/gcccore/python/3.11.5/bin/python3
cv2 4.14.0 numpy 2.4.2 PIL 12.1.0
=== running render_clip_v3.py ===
=== ENV PROBE ===
python: /cvmfs/soft.computecanada.ca/easybuild/software/2023/x86-64-v4/Compiler/gcccore/python/3.11.5/bin/python3 3.11.5 (main, Sep 19 2023, 16:07:22) [GCC 12.3.1 20230526]
numpy: 2.4.2
PIL/Pillow: 12.1.0
cv2: 4.14.0
imageio: not available ( No module named 'imageio' ) -- ok if cv2 mp4v works
=== END ENV PROBE ===
SELFTEST: wrote 1121 bytes, read back 5 frames
SELFTEST OK
=== SCENE SELECTION (8 tokens) ===
  0436604d25145231  clean     pdms(cmd_tokens_film)=1.0000
  0dd23f4ea286544f  clean     pdms(cmd_tokens_film)=1.0000
  00f925ab5406520f  ttc       pdms(cmd_tokens_film)=0.5833
  011376b151f2526c  ttc       pdms(cmd_tokens_film)=0.5833
  00016f8b45c25a1d  dac       pdms(cmd_tokens_film)=0.0000
  000bf168dd5159af  dac       pdms(cmd_tokens_film)=0.0000
  037b976caae85af5  lowest(backfill)  pdms(cmd_tokens_film)=0.0000
  04f548a98d695310  lowest(backfill)  pdms(cmd_tokens_film)=0.0000

### rendering 0436604d25145231 (clean) ###
  codec: H.264/yuv420p (web-playable)
  wrote /scratch/eddie96/eddie/navsim_pages/scenes_v2/clips/0436604d25145231.mp4  (670273 bytes, 172 frames, 15.7s render time)
  decoded 7 frames from original clip, shape (540, 1500, 3)
  still: /scratch/eddie96/eddie/navsim_pages/scenes_v2/stills/0436604d25145231_t09.png  (history, real_t=-1.15, 712787 bytes)
  still: /scratch/eddie96/eddie/navsim_pages/scenes_v2/stills/0436604d25145231_t60.png  (future, real_t=0.61, 757660 bytes)
  still: /scratch/eddie96/eddie/navsim_pages/scenes_v2/stills/0436604d25145231_t128.png  (future, real_t=2.69, 745647 bytes)

### rendering 0dd23f4ea286544f (clean) ###
  codec: H.264/yuv420p (web-playable)
  wrote /scratch/eddie96/eddie/navsim_pages/scenes_v2/clips/0dd23f4ea286544f.mp4  (877465 bytes, 172 frames, 16.4s render time)
  decoded 7 frames from original clip, shape (540, 1500, 3)
  still: /scratch/eddie96/eddie/navsim_pages/scenes_v2/stills/0dd23f4ea286544f_t09.png  (history, real_t=-1.15, 837913 bytes)
  still: /scratch/eddie96/eddie/navsim_pages/scenes_v2/stills/0dd23f4ea286544f_t60.png  (future, real_t=0.61, 901244 bytes)
  still: /scratch/eddie96/eddie/navsim_pages/scenes_v2/stills/0dd23f4ea286544f_t128.png  (future, real_t=2.69, 898242 bytes)

### rendering 00f925ab5406520f (ttc) ###
  codec: H.264/yuv420p (web-playable)
  wrote /scratch/eddie96/eddie/navsim_pages/scenes_v2/clips/00f925ab5406520f.mp4  (1196032 bytes, 172 frames, 15.8s render time)
  decoded 7 frames from original clip, shape (540, 1500, 3)
  still: /scratch/eddie96/eddie/navsim_pages/scenes_v2/stills/00f925ab5406520f_t09.png  (history, real_t=-1.15, 842199 bytes)
  still: /scratch/eddie96/eddie/navsim_pages/scenes_v2/stills/00f925ab5406520f_t60.png  (future, real_t=0.61, 924073 bytes)
  still: /scratch/eddie96/eddie/navsim_pages/scenes_v2/stills/00f925ab5406520f_t128.png  (future, real_t=2.69, 933035 bytes)

### rendering 011376b151f2526c (ttc) ###
  codec: H.264/yuv420p (web-playable)
  wrote /scratch/eddie96/eddie/navsim_pages/scenes_v2/clips/011376b151f2526c.mp4  (906351 bytes, 172 frames, 14.8s render time)
  decoded 7 frames from original clip, shape (540, 1500, 3)
  still: /scratch/eddie96/eddie/navsim_pages/scenes_v2/stills/011376b151f2526c_t09.png  (history, real_t=-1.15, 729526 bytes)
  still: /scratch/eddie96/eddie/navsim_pages/scenes_v2/stills/011376b151f2526c_t60.png  (future, real_t=0.61, 823134 bytes)
  still: /scratch/eddie96/eddie/navsim_pages/scenes_v2/stills/011376b151f2526c_t128.png  (future, real_t=2.69, 828278 bytes)

### rendering 00016f8b45c25a1d (dac) ###
  codec: H.264/yuv420p (web-playable)
  wrote /scratch/eddie96/eddie/navsim_pages/scenes_v2/clips/00016f8b45c25a1d.mp4  (1251985 bytes, 172 frames, 15.8s render time)
  decoded 7 frames from original clip, shape (540, 1500, 3)
  still: /scratch/eddie96/eddie/navsim_pages/scenes_v2/stills/00016f8b45c25a1d_t09.png  (history, real_t=-1.15, 875036 bytes)
  still: /scratch/eddie96/eddie/navsim_pages/scenes_v2/stills/00016f8b45c25a1d_t60.png  (future, real_t=0.61, 938928 bytes)
  still: /scratch/eddie96/eddie/navsim_pages/scenes_v2/stills/00016f8b45c25a1d_t128.png  (future, real_t=2.69, 948080 bytes)

### rendering 000bf168dd5159af (dac) ###
  codec: H.264/yuv420p (web-playable)
  wrote /scratch/eddie96/eddie/navsim_pages/scenes_v2/clips/000bf168dd5159af.mp4  (1519347 bytes, 172 frames, 15.1s render time)
  decoded 7 frames from original clip, shape (540, 1500, 3)
  still: /scratch/eddie96/eddie/navsim_pages/scenes_v2/stills/000bf168dd5159af_t09.png  (history, real_t=-1.15, 1003656 bytes)
  still: /scratch/eddie96/eddie/navsim_pages/scenes_v2/stills/000bf168dd5159af_t60.png  (future, real_t=0.61, 1075740 bytes)
  still: /scratch/eddie96/eddie/navsim_pages/scenes_v2/stills/000bf168dd5159af_t128.png  (future, real_t=2.69, 1117336 bytes)

### rendering 037b976caae85af5 (lowest(backfill)) ###
  codec: H.264/yuv420p (web-playable)
  wrote /scratch/eddie96/eddie/navsim_pages/scenes_v2/clips/037b976caae85af5.mp4  (1282620 bytes, 172 frames, 15.0s render time)
  decoded 7 frames from original clip, shape (540, 1500, 3)
  still: /scratch/eddie96/eddie/navsim_pages/scenes_v2/stills/037b976caae85af5_t09.png  (history, real_t=-1.15, 912626 bytes)
  still: /scratch/eddie96/eddie/navsim_pages/scenes_v2/stills/037b976caae85af5_t60.png  (future, real_t=0.61, 1001569 bytes)
  still: /scratch/eddie96/eddie/navsim_pages/scenes_v2/stills/037b976caae85af5_t128.png  (future, real_t=2.69, 1006251 bytes)

### rendering 04f548a98d695310 (lowest(backfill)) ###
  codec: H.264/yuv420p (web-playable)
  wrote /scratch/eddie96/eddie/navsim_pages/scenes_v2/clips/04f548a98d695310.mp4  (1164061 bytes, 172 frames, 19.3s render time)
  decoded 7 frames from original clip, shape (540, 1500, 3)
  still: /scratch/eddie96/eddie/navsim_pages/scenes_v2/stills/04f548a98d695310_t09.png  (history, real_t=-1.15, 869370 bytes)
  still: /scratch/eddie96/eddie/navsim_pages/scenes_v2/stills/04f548a98d695310_t60.png  (future, real_t=0.61, 924129 bytes)
  still: /scratch/eddie96/eddie/navsim_pages/scenes_v2/stills/04f548a98d695310_t128.png  (future, real_t=2.69, 925901 bytes)

MANIFEST written to /scratch/eddie96/eddie/navsim_pages/scenes_v2/MANIFEST.txt
DONE: 8/8 scenes rendered successfully
=== job finished Mon Sep 21 22:39:26 PDT 2026 ===
