=== job 60872871 on fc30370 starting Mon Sep 21 15:34:36 PDT 2026 ===
--- after opencv module load ---
/cvmfs/soft.computecanada.ca/easybuild/software/2023/x86-64-v4/Compiler/gcccore/python/3.11.5/bin/python3
cv2 4.14.0 numpy 2.4.2 PIL 12.1.0
=== running render_clip_v3.py ===
=== ENV PROBE ===
python: /cvmfs/soft.computecanada.ca/easybuild/software/2023/x86-64-v4/Compiler/gcccore/python/3.11.5/bin/python3 3.11.5 (main, Sep 19 2023, 16:07:22) [GCC 12.3.1 20230526]
numpy: 2.4.2
PIL/Pillow: 12.1.0
cv2: 4.14.0
imageio: not available ( No module named 'imageio' ) -- ok if cv2 mp4v works
=== END ENV PROBE ===
SELFTEST: wrote 1121 bytes, read back 5 frames
SELFTEST OK
=== SCENE SELECTION (8 tokens) ===
  0436604d25145231  clean     pdms(cmd_tokens_film)=1.0000
  0dd23f4ea286544f  clean     pdms(cmd_tokens_film)=1.0000
  00f925ab5406520f  ttc       pdms(cmd_tokens_film)=0.5833
  011376b151f2526c  ttc       pdms(cmd_tokens_film)=0.5833
  00016f8b45c25a1d  dac       pdms(cmd_tokens_film)=0.0000
  000bf168dd5159af  dac       pdms(cmd_tokens_film)=0.0000
  037b976caae85af5  lowest(backfill)  pdms(cmd_tokens_film)=0.0000
  04f548a98d695310  lowest(backfill)  pdms(cmd_tokens_film)=0.0000

### rendering 0436604d25145231 (clean) ###
  codec: H.264/yuv420p (web-playable)
  wrote /scratch/eddie96/eddie/navsim_pages/scenes_v2/clips/0436604d25145231.mp4  (802471 bytes, 172 frames, 17.9s render time)
  decoded 7 frames from original clip, shape (540, 1500, 3)
  still: /scratch/eddie96/eddie/navsim_pages/scenes_v2/stills/0436604d25145231_t09.png  (history, real_t=-1.15, 1061559 bytes)
  still: /scratch/eddie96/eddie/navsim_pages/scenes_v2/stills/0436604d25145231_t60.png  (future, real_t=0.61, 1105128 bytes)
  still: /scratch/eddie96/eddie/navsim_pages/scenes_v2/stills/0436604d25145231_t128.png  (future, real_t=2.69, 1096227 bytes)

### rendering 0dd23f4ea286544f (clean) ###
  codec: H.264/yuv420p (web-playable)
  wrote /scratch/eddie96/eddie/navsim_pages/scenes_v2/clips/0dd23f4ea286544f.mp4  (1138490 bytes, 172 frames, 18.9s render time)
  decoded 7 frames from original clip, shape (540, 1500, 3)
  still: /scratch/eddie96/eddie/navsim_pages/scenes_v2/stills/0dd23f4ea286544f_t09.png  (history, real_t=-1.15, 1286644 bytes)
  still: /scratch/eddie96/eddie/navsim_pages/scenes_v2/stills/0dd23f4ea286544f_t60.png  (future, real_t=0.61, 1378773 bytes)
  still: /scratch/eddie96/eddie/navsim_pages/scenes_v2/stills/0dd23f4ea286544f_t128.png  (future, real_t=2.69, 1376451 bytes)

### rendering 00f925ab5406520f (ttc) ###
  codec: H.264/yuv420p (web-playable)
  wrote /scratch/eddie96/eddie/navsim_pages/scenes_v2/clips/00f925ab5406520f.mp4  (1573259 bytes, 172 frames, 17.1s render time)
  decoded 7 frames from original clip, shape (540, 1500, 3)
  still: /scratch/eddie96/eddie/navsim_pages/scenes_v2/stills/00f925ab5406520f_t09.png  (history, real_t=-1.15, 1268471 bytes)
  still: /scratch/eddie96/eddie/navsim_pages/scenes_v2/stills/00f925ab5406520f_t60.png  (future, real_t=0.61, 1376405 bytes)
  still: /scratch/eddie96/eddie/navsim_pages/scenes_v2/stills/00f925ab5406520f_t128.png  (future, real_t=2.69, 1383236 bytes)

### rendering 011376b151f2526c (ttc) ###
  codec: H.264/yuv420p (web-playable)
  wrote /scratch/eddie96/eddie/navsim_pages/scenes_v2/clips/011376b151f2526c.mp4  (1191297 bytes, 172 frames, 16.8s render time)
  decoded 7 frames from original clip, shape (540, 1500, 3)
  still: /scratch/eddie96/eddie/navsim_pages/scenes_v2/stills/011376b151f2526c_t09.png  (history, real_t=-1.15, 1073817 bytes)
  still: /scratch/eddie96/eddie/navsim_pages/scenes_v2/stills/011376b151f2526c_t60.png  (future, real_t=0.61, 1215425 bytes)
  still: /scratch/eddie96/eddie/navsim_pages/scenes_v2/stills/011376b151f2526c_t128.png  (future, real_t=2.69, 1219998 bytes)

### rendering 00016f8b45c25a1d (dac) ###
  codec: H.264/yuv420p (web-playable)
  wrote /scratch/eddie96/eddie/navsim_pages/scenes_v2/clips/00016f8b45c25a1d.mp4  (1633866 bytes, 172 frames, 16.6s render time)
  decoded 7 frames from original clip, shape (540, 1500, 3)
  still: /scratch/eddie96/eddie/navsim_pages/scenes_v2/stills/00016f8b45c25a1d_t09.png  (history, real_t=-1.15, 1326375 bytes)
  still: /scratch/eddie96/eddie/navsim_pages/scenes_v2/stills/00016f8b45c25a1d_t60.png  (future, real_t=0.61, 1403864 bytes)
  still: /scratch/eddie96/eddie/navsim_pages/scenes_v2/stills/00016f8b45c25a1d_t128.png  (future, real_t=2.69, 1408699 bytes)

### rendering 000bf168dd5159af (dac) ###
  codec: H.264/yuv420p (web-playable)
  wrote /scratch/eddie96/eddie/navsim_pages/scenes_v2/clips/000bf168dd5159af.mp4  (2053830 bytes, 172 frames, 16.7s render time)
  decoded 7 frames from original clip, shape (540, 1500, 3)
  still: /scratch/eddie96/eddie/navsim_pages/scenes_v2/stills/000bf168dd5159af_t09.png  (history, real_t=-1.15, 1554532 bytes)
  still: /scratch/eddie96/eddie/navsim_pages/scenes_v2/stills/000bf168dd5159af_t60.png  (future, real_t=0.61, 1669850 bytes)
  still: /scratch/eddie96/eddie/navsim_pages/scenes_v2/stills/000bf168dd5159af_t128.png  (future, real_t=2.69, 1705375 bytes)

### rendering 037b976caae85af5 (lowest(backfill)) ###
  codec: H.264/yuv420p (web-playable)
  wrote /scratch/eddie96/eddie/navsim_pages/scenes_v2/clips/037b976caae85af5.mp4  (1693603 bytes, 172 frames, 17.7s render time)
  decoded 7 frames from original clip, shape (540, 1500, 3)
  still: /scratch/eddie96/eddie/navsim_pages/scenes_v2/stills/037b976caae85af5_t09.png  (history, real_t=-1.15, 1371629 bytes)
  still: /scratch/eddie96/eddie/navsim_pages/scenes_v2/stills/037b976caae85af5_t60.png  (future, real_t=0.61, 1482782 bytes)
  still: /scratch/eddie96/eddie/navsim_pages/scenes_v2/stills/037b976caae85af5_t128.png  (future, real_t=2.69, 1485904 bytes)

### rendering 04f548a98d695310 (lowest(backfill)) ###
  codec: H.264/yuv420p (web-playable)
  wrote /scratch/eddie96/eddie/navsim_pages/scenes_v2/clips/04f548a98d695310.mp4  (1554764 bytes, 172 frames, 17.0s render time)
  decoded 7 frames from original clip, shape (540, 1500, 3)
  still: /scratch/eddie96/eddie/navsim_pages/scenes_v2/stills/04f548a98d695310_t09.png  (history, real_t=-1.15, 1332456 bytes)
  still: /scratch/eddie96/eddie/navsim_pages/scenes_v2/stills/04f548a98d695310_t60.png  (future, real_t=0.61, 1421155 bytes)
  still: /scratch/eddie96/eddie/navsim_pages/scenes_v2/stills/04f548a98d695310_t128.png  (future, real_t=2.69, 1423266 bytes)

MANIFEST written to /scratch/eddie96/eddie/navsim_pages/scenes_v2/MANIFEST.txt
DONE: 8/8 scenes rendered successfully
=== job finished Mon Sep 21 15:37:01 PDT 2026 ===
