++ hostname
++ date
+ echo '=== job 60872871 on fc30370 starting Mon Sep 21 15:34:36 PDT 2026 ==='
+ module --force purge
+ '[' -z '' ']'
+ case "$-" in
+ __lmod_sh_dbg=x
+ '[' -n x ']'
+ set +x
Shell debugging temporarily silenced: export LMOD_SH_DBG_ON=1 for Lmod's output
Shell debugging restarted
+ unset __lmod_sh_dbg
+ return 0
+ module load StdEnv/2023 python/3.11 opencv
+ '[' -z '' ']'
+ case "$-" in
+ __lmod_sh_dbg=x
+ '[' -n x ']'
+ set +x
Shell debugging temporarily silenced: export LMOD_SH_DBG_ON=1 for Lmod's output
Shell debugging restarted
+ unset __lmod_sh_dbg
+ return 0
+ echo '--- after opencv module load ---'
+ which python3
+ alias
+ /usr/bin/which --tty-only --read-alias --read-functions --show-tilde --show-dot python3
+ eval declare -f
++ declare -f
+ python3 -c 'import cv2, numpy, PIL; print('\''cv2'\'', cv2.__version__, '\''numpy'\'', numpy.__version__, '\''PIL'\'', PIL.__version__)'
+ '[' -n '' ']'
+ echo '=== running render_clip_v3.py ==='
+ python3 /scratch/eddie96/eddie/navsim_pages/scenes_v2/render_clip_v3.py
++ date
+ echo '=== job finished Mon Sep 21 15:37:01 PDT 2026 ==='
